zone,m2,sum,count,min,max,mean
6.00000000,3055987.38515208,6069863.29187775,"39025",85.50000000,243.00000000,155.53781658
4.00000000,1226310.37671958,1432050.30903625,"15660",86.30000305,93.90000153,91.44637989
3.00000000,2310490.91092664,4944274.10529327,"29505",111.69999695,232.43850708,167.57410965
1.00000000,3297568.96319678,5283155.23725128,"42110",85.00000000,219.19999695,125.46082254
