zone,deg2,sum,count,min,max,mean
6.00000000,0.00034585,5378373.70841217,"34585",85.50000000,243.00000000,155.51174522
4.00000000,0.00013848,1266379.78169250,"13848",86.30000305,93.90000153,91.44856887
3.00000000,0.00026132,4379265.06565094,"26132",111.69999695,232.43850708,167.58246845
1.00000000,0.00037290,4677866.67560577,"37290",85.00000000,219.19999695,125.44560675
